Archive member included because of file (symbol)

/usr/local/CrossPack-AVR-20131216/lib/gcc/avr/4.8.1/avr25/libgcc.a(_udivmodsi4.o)
                              jelly_sync_input.o (__udivmodsi4)
/usr/local/CrossPack-AVR-20131216/lib/gcc/avr/4.8.1/avr25/libgcc.a(_exit.o)
                              /usr/local/CrossPack-AVR-20131216/lib/gcc/avr/4.8.1/../../../../avr/lib/avr25/crttn85.o (exit)
/usr/local/CrossPack-AVR-20131216/lib/gcc/avr/4.8.1/avr25/libgcc.a(_clear_bss.o)
                              jelly_sync_input.o (__do_clear_bss)

Allocating common symbols
Common symbol       size              file

elapsed             0x4               jelly_sync_input.o

Memory Configuration

Name             Origin             Length             Attributes
text             0x00000000         0x00002000         xr
data             0x00800060         0x0000ffa0         rw !x
eeprom           0x00810000         0x00010000         rw !x
fuse             0x00820000         0x00000400         rw !x
lock             0x00830000         0x00000400         rw !x
signature        0x00840000         0x00000400         rw !x
user_signatures  0x00850000         0x00000400         rw !x
*default*        0x00000000         0xffffffff

Linker script and memory map

LOAD /usr/local/CrossPack-AVR-20131216/lib/gcc/avr/4.8.1/../../../../avr/lib/avr25/crttn85.o
LOAD jelly_sync_input.o
START GROUP
LOAD /usr/local/CrossPack-AVR-20131216/lib/gcc/avr/4.8.1/avr25/libgcc.a
LOAD /usr/local/CrossPack-AVR-20131216/lib/gcc/avr/4.8.1/../../../../avr/lib/avr25/libm.a
LOAD /usr/local/CrossPack-AVR-20131216/lib/gcc/avr/4.8.1/../../../../avr/lib/avr25/libc.a
END GROUP

.hash
 *(.hash)

.dynsym
 *(.dynsym)

.dynstr
 *(.dynstr)

.gnu.version
 *(.gnu.version)

.gnu.version_d
 *(.gnu.version_d)

.gnu.version_r
 *(.gnu.version_r)

.rel.init
 *(.rel.init)

.rela.init
 *(.rela.init)

.rel.text
 *(.rel.text)
 *(.rel.text.*)
 *(.rel.gnu.linkonce.t*)

.rela.text
 *(.rela.text)
 *(.rela.text.*)
 *(.rela.gnu.linkonce.t*)

.rel.fini
 *(.rel.fini)

.rela.fini
 *(.rela.fini)

.rel.rodata
 *(.rel.rodata)
 *(.rel.rodata.*)
 *(.rel.gnu.linkonce.r*)

.rela.rodata
 *(.rela.rodata)
 *(.rela.rodata.*)
 *(.rela.gnu.linkonce.r*)

.rel.data
 *(.rel.data)
 *(.rel.data.*)
 *(.rel.gnu.linkonce.d*)

.rela.data
 *(.rela.data)
 *(.rela.data.*)
 *(.rela.gnu.linkonce.d*)

.rel.ctors
 *(.rel.ctors)

.rela.ctors
 *(.rela.ctors)

.rel.dtors
 *(.rel.dtors)

.rela.dtors
 *(.rela.dtors)

.rel.got
 *(.rel.got)

.rela.got
 *(.rela.got)

.rel.bss
 *(.rel.bss)

.rela.bss
 *(.rela.bss)

.rel.plt
 *(.rel.plt)

.rela.plt
 *(.rela.plt)

.text           0x00000000      0x1a0
 *(.vectors)
 .vectors       0x00000000       0x1e /usr/local/CrossPack-AVR-20131216/lib/gcc/avr/4.8.1/../../../../avr/lib/avr25/crttn85.o
                0x00000000                __vectors
                0x00000000                __vector_default
 *(.vectors)
 *(.progmem.gcc*)
                0x0000001e                . = ALIGN (0x2)
                0x0000001e                __trampolines_start = .
 *(.trampolines)
 .trampolines   0x0000001e        0x0 linker stubs
 *(.trampolines*)
                0x0000001e                __trampolines_end = .
 *(.progmem*)
                0x0000001e                . = ALIGN (0x2)
 *(.jumptables)
 *(.jumptables*)
 *(.lowtext)
 *(.lowtext*)
                0x0000001e                __ctors_start = .
 *(.ctors)
                0x0000001e                __ctors_end = .
                0x0000001e                __dtors_start = .
 *(.dtors)
                0x0000001e                __dtors_end = .
 SORT(*)(.ctors)
 SORT(*)(.dtors)
 *(.init0)
 .init0         0x0000001e        0x0 /usr/local/CrossPack-AVR-20131216/lib/gcc/avr/4.8.1/../../../../avr/lib/avr25/crttn85.o
                0x0000001e                __init
 *(.init0)
 *(.init1)
 *(.init1)
 *(.init2)
 .init2         0x0000001e        0xc /usr/local/CrossPack-AVR-20131216/lib/gcc/avr/4.8.1/../../../../avr/lib/avr25/crttn85.o
 *(.init2)
 *(.init3)
 *(.init3)
 *(.init4)
 .init4         0x0000002a       0x10 /usr/local/CrossPack-AVR-20131216/lib/gcc/avr/4.8.1/avr25/libgcc.a(_clear_bss.o)
                0x0000002a                __do_clear_bss
 *(.init4)
 *(.init5)
 *(.init5)
 *(.init6)
 *(.init6)
 *(.init7)
 *(.init7)
 *(.init8)
 *(.init8)
 *(.init9)
 .init9         0x0000003a        0x4 /usr/local/CrossPack-AVR-20131216/lib/gcc/avr/4.8.1/../../../../avr/lib/avr25/crttn85.o
 *(.init9)
 *(.text)
 .text          0x0000003e        0x2 /usr/local/CrossPack-AVR-20131216/lib/gcc/avr/4.8.1/../../../../avr/lib/avr25/crttn85.o
                0x0000003e                __vector_10
                0x0000003e                __vector_12
                0x0000003e                __bad_interrupt
                0x0000003e                __vector_6
                0x0000003e                __vector_3
                0x0000003e                __vector_11
                0x0000003e                __vector_13
                0x0000003e                __vector_7
                0x0000003e                __vector_5
                0x0000003e                __vector_9
                0x0000003e                __vector_2
                0x0000003e                __vector_8
                0x0000003e                __vector_14
                0x0000003e                __vector_1
 .text          0x00000040       0x4a jelly_sync_input.o
                0x00000040                __vector_4
 .text          0x0000008a        0x0 /usr/local/CrossPack-AVR-20131216/lib/gcc/avr/4.8.1/avr25/libgcc.a(_udivmodsi4.o)
 .text          0x0000008a        0x0 /usr/local/CrossPack-AVR-20131216/lib/gcc/avr/4.8.1/avr25/libgcc.a(_exit.o)
 .text          0x0000008a        0x0 /usr/local/CrossPack-AVR-20131216/lib/gcc/avr/4.8.1/avr25/libgcc.a(_clear_bss.o)
                0x0000008a                . = ALIGN (0x2)
 *(.text.*)
 .text.startup  0x0000008a       0xce jelly_sync_input.o
                0x0000008a                main
 .text.libgcc.mul
                0x00000158        0x0 /usr/local/CrossPack-AVR-20131216/lib/gcc/avr/4.8.1/avr25/libgcc.a(_udivmodsi4.o)
 .text.libgcc.div
                0x00000158       0x44 /usr/local/CrossPack-AVR-20131216/lib/gcc/avr/4.8.1/avr25/libgcc.a(_udivmodsi4.o)
                0x00000158                __udivmodsi4
 .text.libgcc   0x0000019c        0x0 /usr/local/CrossPack-AVR-20131216/lib/gcc/avr/4.8.1/avr25/libgcc.a(_udivmodsi4.o)
 .text.libgcc.prologue
                0x0000019c        0x0 /usr/local/CrossPack-AVR-20131216/lib/gcc/avr/4.8.1/avr25/libgcc.a(_udivmodsi4.o)
 .text.libgcc.builtins
                0x0000019c        0x0 /usr/local/CrossPack-AVR-20131216/lib/gcc/avr/4.8.1/avr25/libgcc.a(_udivmodsi4.o)
 .text.libgcc.fmul
                0x0000019c        0x0 /usr/local/CrossPack-AVR-20131216/lib/gcc/avr/4.8.1/avr25/libgcc.a(_udivmodsi4.o)
 .text.libgcc.fixed
                0x0000019c        0x0 /usr/local/CrossPack-AVR-20131216/lib/gcc/avr/4.8.1/avr25/libgcc.a(_udivmodsi4.o)
 .text.libgcc.mul
                0x0000019c        0x0 /usr/local/CrossPack-AVR-20131216/lib/gcc/avr/4.8.1/avr25/libgcc.a(_exit.o)
 .text.libgcc.div
                0x0000019c        0x0 /usr/local/CrossPack-AVR-20131216/lib/gcc/avr/4.8.1/avr25/libgcc.a(_exit.o)
 .text.libgcc   0x0000019c        0x0 /usr/local/CrossPack-AVR-20131216/lib/gcc/avr/4.8.1/avr25/libgcc.a(_exit.o)
 .text.libgcc.prologue
                0x0000019c        0x0 /usr/local/CrossPack-AVR-20131216/lib/gcc/avr/4.8.1/avr25/libgcc.a(_exit.o)
 .text.libgcc.builtins
                0x0000019c        0x0 /usr/local/CrossPack-AVR-20131216/lib/gcc/avr/4.8.1/avr25/libgcc.a(_exit.o)
 .text.libgcc.fmul
                0x0000019c        0x0 /usr/local/CrossPack-AVR-20131216/lib/gcc/avr/4.8.1/avr25/libgcc.a(_exit.o)
 .text.libgcc.fixed
                0x0000019c        0x0 /usr/local/CrossPack-AVR-20131216/lib/gcc/avr/4.8.1/avr25/libgcc.a(_exit.o)
 .text.libgcc.mul
                0x0000019c        0x0 /usr/local/CrossPack-AVR-20131216/lib/gcc/avr/4.8.1/avr25/libgcc.a(_clear_bss.o)
 .text.libgcc.div
                0x0000019c        0x0 /usr/local/CrossPack-AVR-20131216/lib/gcc/avr/4.8.1/avr25/libgcc.a(_clear_bss.o)
 .text.libgcc   0x0000019c        0x0 /usr/local/CrossPack-AVR-20131216/lib/gcc/avr/4.8.1/avr25/libgcc.a(_clear_bss.o)
 .text.libgcc.prologue
                0x0000019c        0x0 /usr/local/CrossPack-AVR-20131216/lib/gcc/avr/4.8.1/avr25/libgcc.a(_clear_bss.o)
 .text.libgcc.builtins
                0x0000019c        0x0 /usr/local/CrossPack-AVR-20131216/lib/gcc/avr/4.8.1/avr25/libgcc.a(_clear_bss.o)
 .text.libgcc.fmul
                0x0000019c        0x0 /usr/local/CrossPack-AVR-20131216/lib/gcc/avr/4.8.1/avr25/libgcc.a(_clear_bss.o)
 .text.libgcc.fixed
                0x0000019c        0x0 /usr/local/CrossPack-AVR-20131216/lib/gcc/avr/4.8.1/avr25/libgcc.a(_clear_bss.o)
                0x0000019c                . = ALIGN (0x2)
 *(.fini9)
 .fini9         0x0000019c        0x0 /usr/local/CrossPack-AVR-20131216/lib/gcc/avr/4.8.1/avr25/libgcc.a(_exit.o)
                0x0000019c                exit
                0x0000019c                _exit
 *(.fini9)
 *(.fini8)
 *(.fini8)
 *(.fini7)
 *(.fini7)
 *(.fini6)
 *(.fini6)
 *(.fini5)
 *(.fini5)
 *(.fini4)
 *(.fini4)
 *(.fini3)
 *(.fini3)
 *(.fini2)
 *(.fini2)
 *(.fini1)
 *(.fini1)
 *(.fini0)
 .fini0         0x0000019c        0x4 /usr/local/CrossPack-AVR-20131216/lib/gcc/avr/4.8.1/avr25/libgcc.a(_exit.o)
 *(.fini0)
                0x000001a0                _etext = .

.data           0x00800060        0x0 load address 0x000001a0
                0x00800060                PROVIDE (__data_start, .)
 *(.data)
 .data          0x00800060        0x0 /usr/local/CrossPack-AVR-20131216/lib/gcc/avr/4.8.1/../../../../avr/lib/avr25/crttn85.o
 .data          0x00800060        0x0 jelly_sync_input.o
 .data          0x00800060        0x0 /usr/local/CrossPack-AVR-20131216/lib/gcc/avr/4.8.1/avr25/libgcc.a(_udivmodsi4.o)
 .data          0x00800060        0x0 /usr/local/CrossPack-AVR-20131216/lib/gcc/avr/4.8.1/avr25/libgcc.a(_exit.o)
 .data          0x00800060        0x0 /usr/local/CrossPack-AVR-20131216/lib/gcc/avr/4.8.1/avr25/libgcc.a(_clear_bss.o)
 *(.data*)
 *(.rodata)
 *(.rodata*)
 *(.gnu.linkonce.d*)
                0x00800060                . = ALIGN (0x2)
                0x00800060                _edata = .
                0x00800060                PROVIDE (__data_end, .)

.bss            0x00800060        0x4
                0x00800060                PROVIDE (__bss_start, .)
 *(.bss)
 .bss           0x00800060        0x0 /usr/local/CrossPack-AVR-20131216/lib/gcc/avr/4.8.1/../../../../avr/lib/avr25/crttn85.o
 .bss           0x00800060        0x0 jelly_sync_input.o
 .bss           0x00800060        0x0 /usr/local/CrossPack-AVR-20131216/lib/gcc/avr/4.8.1/avr25/libgcc.a(_udivmodsi4.o)
 .bss           0x00800060        0x0 /usr/local/CrossPack-AVR-20131216/lib/gcc/avr/4.8.1/avr25/libgcc.a(_exit.o)
 .bss           0x00800060        0x0 /usr/local/CrossPack-AVR-20131216/lib/gcc/avr/4.8.1/avr25/libgcc.a(_clear_bss.o)
 *(.bss*)
 *(COMMON)
 COMMON         0x00800060        0x4 jelly_sync_input.o
                0x00800060                elapsed
                0x00800064                PROVIDE (__bss_end, .)
                0x000001a0                __data_load_start = LOADADDR (.data)
                0x000001a0                __data_load_end = (__data_load_start + SIZEOF (.data))

.noinit         0x00800064        0x0
                0x00800064                PROVIDE (__noinit_start, .)
 *(.noinit*)
                0x00800064                PROVIDE (__noinit_end, .)
                0x00800064                _end = .
                0x00800064                PROVIDE (__heap_start, .)

.eeprom         0x00810000        0x0
 *(.eeprom*)
                0x00810000                __eeprom_end = .

.fuse
 *(.fuse)
 *(.lfuse)
 *(.hfuse)
 *(.efuse)

.lock
 *(.lock*)

.signature
 *(.signature*)

.user_signatures
 *(.user_signatures*)

.stab
 *(.stab)

.stabstr
 *(.stabstr)

.stab.excl
 *(.stab.excl)

.stab.exclstr
 *(.stab.exclstr)

.stab.index
 *(.stab.index)

.stab.indexstr
 *(.stab.indexstr)

.comment        0x00000000       0x11
 *(.comment)
 .comment       0x00000000       0x11 jelly_sync_input.o
                                 0x12 (size before relaxing)

.debug
 *(.debug)

.line
 *(.line)

.debug_srcinfo
 *(.debug_srcinfo)

.debug_sfnames
 *(.debug_sfnames)

.debug_aranges  0x00000000       0x88
 *(.debug_aranges)
 .debug_aranges
                0x00000000       0x28 jelly_sync_input.o
 .debug_aranges
                0x00000028       0x20 /usr/local/CrossPack-AVR-20131216/lib/gcc/avr/4.8.1/avr25/libgcc.a(_udivmodsi4.o)
 .debug_aranges
                0x00000048       0x20 /usr/local/CrossPack-AVR-20131216/lib/gcc/avr/4.8.1/avr25/libgcc.a(_exit.o)
 .debug_aranges
                0x00000068       0x20 /usr/local/CrossPack-AVR-20131216/lib/gcc/avr/4.8.1/avr25/libgcc.a(_clear_bss.o)

.debug_pubnames
 *(.debug_pubnames)

.debug_info     0x00000000      0x3d2
 *(.debug_info)
 .debug_info    0x00000000      0x195 jelly_sync_input.o
 .debug_info    0x00000195       0xbf /usr/local/CrossPack-AVR-20131216/lib/gcc/avr/4.8.1/avr25/libgcc.a(_udivmodsi4.o)
 .debug_info    0x00000254       0xbf /usr/local/CrossPack-AVR-20131216/lib/gcc/avr/4.8.1/avr25/libgcc.a(_exit.o)
 .debug_info    0x00000313       0xbf /usr/local/CrossPack-AVR-20131216/lib/gcc/avr/4.8.1/avr25/libgcc.a(_clear_bss.o)
 *(.gnu.linkonce.wi.*)

.debug_abbrev   0x00000000      0x178
 *(.debug_abbrev)
 .debug_abbrev  0x00000000      0x13c jelly_sync_input.o
 .debug_abbrev  0x0000013c       0x14 /usr/local/CrossPack-AVR-20131216/lib/gcc/avr/4.8.1/avr25/libgcc.a(_udivmodsi4.o)
 .debug_abbrev  0x00000150       0x14 /usr/local/CrossPack-AVR-20131216/lib/gcc/avr/4.8.1/avr25/libgcc.a(_exit.o)
 .debug_abbrev  0x00000164       0x14 /usr/local/CrossPack-AVR-20131216/lib/gcc/avr/4.8.1/avr25/libgcc.a(_clear_bss.o)

.debug_line     0x00000000      0x1eb
 *(.debug_line)
 .debug_line    0x00000000       0xbd jelly_sync_input.o
 .debug_line    0x000000bd       0x78 /usr/local/CrossPack-AVR-20131216/lib/gcc/avr/4.8.1/avr25/libgcc.a(_udivmodsi4.o)
 .debug_line    0x00000135       0x58 /usr/local/CrossPack-AVR-20131216/lib/gcc/avr/4.8.1/avr25/libgcc.a(_exit.o)
 .debug_line    0x0000018d       0x5e /usr/local/CrossPack-AVR-20131216/lib/gcc/avr/4.8.1/avr25/libgcc.a(_clear_bss.o)

.debug_frame    0x00000000       0x54
 *(.debug_frame)
 .debug_frame   0x00000000       0x54 jelly_sync_input.o

.debug_str      0x00000000       0xf5
 *(.debug_str)
 .debug_str     0x00000000       0xf5 jelly_sync_input.o
                                0x12f (size before relaxing)

.debug_loc      0x00000000       0xbd
 *(.debug_loc)
 .debug_loc     0x00000000       0xbd jelly_sync_input.o

.debug_macinfo
 *(.debug_macinfo)

.debug_pubtypes
 *(.debug_pubtypes)

.debug_ranges   0x00000000       0x48
 *(.debug_ranges)
 .debug_ranges  0x00000000       0x48 jelly_sync_input.o

.debug_macro
 *(.debug_macro)
OUTPUT(jelly_sync_input.elf elf32-avr)
LOAD linker stubs
